[    0.000000] Initializing cgroup subsys cpuset
[    0.000000] Initializing cgroup subsys cpu
[    0.000000] Initializing cgroup subsys cpuacct
[    0.000000] Linux version 4.4.0-210-generic (buildd@lgw01-amd64-037) (gcc version 5.4.0 20160609 (Ubuntu 5.4.0-6ubuntu1~16.04.12) ) #242-Ubuntu SMP Fri Apr 16 09:57:00 UTC 2021 (Ubuntu 4.4.0-210.242-generic 4.4.262)
[    0.000000] KERNEL supported cpus:
[    0.000000]   Intel GenuineIntel
[    0.000000]   AMD AuthenticAMD
[    0.000000]   NSC Geode by NSC
[    0.000000]   Cyrix CyrixInstead
[    0.000000]   Centaur CentaurHauls
[    0.000000]   Transmeta GenuineTMx86
[    0.000000]   Transmeta TransmetaCPU
[    0.000000]   UMC UMC UMC UMC
[    0.000000] x86/fpu: xstate_offset[2]:  576, xstate_sizes[2]:  256
[    0.000000] x86/fpu: Supporting XSAVE feature 0x01: 'x87 floating point registers'
[    0.000000] x86/fpu: Supporting XSAVE feature 0x02: 'SSE registers'
[    0.000000] x86/fpu: Supporting XSAVE feature 0x04: 'AVX registers'
[    0.000000] x86/fpu: Enabled xstate features 0x7, context size is 832 bytes, using 'standard' format.
[    0.000000] e820: BIOS-provided physical RAM map:
[    0.000000] BIOS-e820: [mem 0x0000000000000000-0x000000000009fbff] usable
[    0.000000] BIOS-e820: [mem 0x000000000009fc00-0x000000000009ffff] reserved
[    0.000000] BIOS-e820: [mem 0x00000000000f0000-0x00000000000fffff] reserved
[    0.000000] BIOS-e820: [mem 0x0000000000100000-0x000000003ffeffff] usable
[    0.000000] BIOS-e820: [mem 0x000000003fff0000-0x000000003fffffff] ACPI data
[    0.000000] BIOS-e820: [mem 0x00000000fec00000-0x00000000fec00fff] reserved
[    0.000000] BIOS-e820: [mem 0x00000000fee00000-0x00000000fee00fff] reserved
[    0.000000] BIOS-e820: [mem 0x00000000fffc0000-0x00000000ffffffff] reserved
[    0.000000] NX (Execute Disable) protection: active
[    0.000000] SMBIOS 2.5 present.
[    0.000000] Hypervisor detected: KVM
[    0.000000] e820: last_pfn = 0x3fff0 max_arch_pfn = 0x1000000
[    0.000000] MTRR: Disabled
[    0.000000] x86/PAT: MTRRs disabled, skipping PAT initialization too.
[    0.000000] CPU MTRRs all blank - virtualized system.
[    0.000000] x86/PAT: Configuration [0-7]: WB  WT  UC- UC  WB  WT  UC- UC  
[    0.000000] found SMP MP-table at [mem 0x0009fff0-0x0009ffff] mapped at [c009fff0]
[    0.000000] Scanning 1 areas for low memory corruption
[    0.000000] RAMDISK: [mem 0x363a4000-0x371c9fff]
[    0.000000] ACPI: Early table checksum verification disabled
[    0.000000] ACPI: RSDP 0x00000000000E0000 000024 (v02 VBOX  )
[    0.000000] ACPI: XSDT 0x000000003FFF0030 00003C (v01 VBOX   VBOXXSDT 00000001 ASL  00000061)
[    0.000000] ACPI: FACP 0x000000003FFF00F0 0000F4 (v04 VBOX   VBOXFACP 00000001 ASL  00000061)
[    0.000000] ACPI: DSDT 0x000000003FFF0610 002353 (v02 VBOX   VBOXBIOS 00000002 INTL 20100528)
[    0.000000] ACPI: FACS 0x000000003FFF0200 000040
[    0.000000] ACPI: FACS 0x000000003FFF0200 000040
[    0.000000] ACPI: APIC 0x000000003FFF0240 00005C (v02 VBOX   VBOXAPIC 00000001 ASL  00000061)
[    0.000000] ACPI: SSDT 0x000000003FFF02A0 00036C (v01 VBOX   VBOXCPUT 00000002 INTL 20100528)
[    0.000000] 131MB HIGHMEM available.
[    0.000000] 891MB LOWMEM available.
[    0.000000]   mapped low ram: 0 - 37bfe000
[    0.000000]   low ram: 0 - 37bfe000
[    0.000000] kvm-clock: Using msrs 4b564d01 and 4b564d00
[    0.000000] kvm-clock: cpu 0, msr 0:37bfd001, primary cpu clock
[    0.000000] kvm-clock: using sched offset of 5034607924 cycles
[    0.000000] clocksource: kvm-clock: mask: 0xffffffffffffffff max_cycles: 0x1cd42e4dffb, max_idle_ns: 881590591483 ns
[    0.000000] Zone ranges:
[    0.000000]   DMA      [mem 0x0000000000001000-0x0000000000ffffff]
[    0.000000]   Normal   [mem 0x0000000001000000-0x0000000037bfdfff]
[    0.000000]   HighMem  [mem 0x0000000037bfe000-0x000000003ffeffff]
[    0.000000] Movable zone start for each node
[    0.000000] Early memory node ranges
[    0.000000]   node   0: [mem 0x0000000000001000-0x000000000009efff]
[    0.000000]   node   0: [mem 0x0000000000100000-0x000000003ffeffff]
[    0.000000] Initmem setup node 0 [mem 0x0000000000001000-0x000000003ffeffff]
[    0.000000] Using APIC driver default
[    0.000000] ACPI: PM-Timer IO Port: 0x4008
[    0.000000] IOAPIC[0]: apic_id 2, version 32, address 0xfec00000, GSI 0-23
[    0.000000] ACPI: INT_SRC_OVR (bus 0 bus_irq 0 global_irq 2 dfl dfl)
[    0.000000] ACPI: INT_SRC_OVR (bus 0 bus_irq 9 global_irq 9 low level)
[    0.000000] Using ACPI (MADT) for SMP configuration information
[    0.000000] smpboot: Allowing 2 CPUs, 0 hotplug CPUs
[    0.000000] PM: Registered nosave memory: [mem 0x00000000-0x00000fff]
[    0.000000] PM: Registered nosave memory: [mem 0x0009f000-0x0009ffff]
[    0.000000] PM: Registered nosave memory: [mem 0x000a0000-0x000effff]
[    0.000000] PM: Registered nosave memory: [mem 0x000f0000-0x000fffff]
[    0.000000] e820: [mem 0x40000000-0xfebfffff] available for PCI devices
[    0.000000] Booting paravirtualized kernel on KVM
[    0.000000] clocksource: refined-jiffies: mask: 0xffffffff max_cycles: 0xffffffff, max_idle_ns: 7645519600211568 ns
[    0.000000] setup_percpu: NR_CPUS:8 nr_cpumask_bits:8 nr_cpu_ids:2 nr_node_ids:1
[    0.000000] PERCPU: Embedded 18 pages/cpu @f6380000 s42956 r0 d30772 u73728
[    0.000000] Built 1 zonelists in Zone order, mobility grouping on.  Total pages: 259800
[    0.000000] Kernel command line: BOOT_IMAGE=/boot/vmlinuz-4.4.0-210-generic root=LABEL=cloudimg-rootfs ro console=tty1 console=ttyS0
[    0.000000] PID hash table entries: 4096 (order: 2, 16384 bytes)
[    0.000000] Dentry cache hash table entries: 131072 (order: 7, 524288 bytes)
[    0.000000] Inode-cache hash table entries: 65536 (order: 6, 262144 bytes)
[    0.000000] Initializing CPU#0
[    0.000000] Initializing HighMem for node 0 (00037bfe:0003fff0)
[    0.000000] Initializing Movable for node 0 (00000000:00000000)
[    0.000000] Memory: 1008264K/1048120K available (8151K kernel code, 787K rwdata, 3216K rodata, 944K init, 724K bss, 39856K reserved, 0K cma-reserved, 135112K highmem)
[    0.000000] virtual kernel memory layout:
[    0.000000]     fixmap  : 0xfff15000 - 0xfffff000   ( 936 kB)
[    0.000000]     pkmap   : 0xffc00000 - 0xffe00000   (2048 kB)
[    0.000000]     vmalloc : 0xf83fe000 - 0xffbfe000   ( 120 MB)
[    0.000000]     lowmem  : 0xc0000000 - 0xf7bfe000   ( 891 MB)
[    0.000000]       .init : 0xc1be2000 - 0xc1cce000   ( 944 kB)
[    0.000000]       .data : 0xc17f61b8 - 0xc1be0d40   (4010 kB)
[    0.000000]       .text : 0xc1000000 - 0xc17f61b8   (8152 kB)
[    0.000000] Checking if this processor honours the WP bit even in supervisor mode...Ok.
[    0.000000] SLUB: HWalign=64, Order=0-3, MinObjects=0, CPUs=2, Nodes=1
[    0.000000] Hierarchical RCU implementation.
[    0.000000] 	Build-time adjustment of leaf fanout to 32.
[    0.000000] 	RCU restricting CPUs from NR_CPUS=8 to nr_cpu_ids=2.
[    0.000000] RCU: Adjusting geometry for rcu_fanout_leaf=32, nr_cpu_ids=2
[    0.000000] NR_IRQS:2304 nr_irqs:440 16
[    0.000000] Console: colour VGA+ 80x25
[    0.000000] console [tty1] enabled
[    0.000000] console [ttyS0] enabled
[    0.000000] allocated 1048576 bytes of page_ext
[    0.000000] tsc: Detected 2394.570 MHz processor
[    0.215376] Calibrating delay loop (skipped) preset value.. 4789.14 BogoMIPS (lpj=9578280)
[    0.218124] pid_max: default: 32768 minimum: 301
[    0.219735] ACPI: Core revision 20150930
[    0.222903] ACPI: 2 ACPI AML tables successfully acquired and loaded
[    0.224915] Security Framework initialized
[    0.225966] Yama: becoming mindful.
[    0.227109] AppArmor: AppArmor initialized
[    0.228236] Mount-cache hash table entries: 2048 (order: 1, 8192 bytes)
[    0.229869] Mountpoint-cache hash table entries: 2048 (order: 1, 8192 bytes)
[    0.231660] Initializing cgroup subsys io
[    0.232975] Initializing cgroup subsys memory
[    0.234237] Initializing cgroup subsys devices
[    0.235393] Initializing cgroup subsys freezer
[    0.236515] Initializing cgroup subsys net_cls
[    0.237964] Initializing cgroup subsys perf_event
[    0.239204] Initializing cgroup subsys net_prio
[    0.240343] Initializing cgroup subsys hugetlb
[    0.241462] Initializing cgroup subsys pids
[    0.242782] mce: CPU supports 0 MCE banks
[    0.243862] Last level iTLB entries: 4KB 512, 2MB 8, 4MB 8
[    0.245182] Last level dTLB entries: 4KB 512, 2MB 32, 4MB 32, 1GB 0
[    0.246803] Spectre V1 : Mitigation: usercopy/swapgs barriers and __user pointer sanitization
[    0.249570] Spectre V2 : Mitigation: Full generic retpoline
[    0.251192] Spectre V2 : Spectre v2 / SpectreRSB mitigation: Filling RSB on context switch
[    0.253313] Speculative Store Bypass: Vulnerable
[    0.254692] MDS: Mitigation: Clear CPU buffers
[    0.259823] Freeing SMP alternatives memory: 36K
[    0.267080] ftrace: allocating 31668 entries in 62 pages
[    0.350899] smpboot: APIC(0) Converting physical 0 to logical package 0
[    0.352965] smpboot: Max logical packages: 1
[    0.354913] Enabling APIC mode:  Flat.  Using 1 I/O APICs
[    0.358236] ..TIMER: vector=0x30 apic1=0 pin1=2 apic2=-1 pin2=-1
[    0.467984] smpboot: CPU0: Intel(R) Core(TM) i5-2430M CPU @ 2.40GHz (family: 0x6, model: 0x2a, stepping: 0x7)
[    0.470837] Performance Events: unsupported p6 CPU model 42 no PMU driver, software events only.
[    0.485314] KVM setup paravirtual spinlock
[    0.487276] x86: Booting SMP configuration:
[    0.488396] .... node  #0, CPUs:      #1
[1266874884.674943] Initializing CPU#1
[    0.490418] kvm-clock: cpu 1, msr 0:37bfd041, secondary cpu clock
[    0.491841] mce: CPU supports 0 MCE banks
[    0.494919] x86: Booted up 1 node, 2 CPUs
[    0.496474] smpboot: Total of 2 processors activated (9578.28 BogoMIPS)
[    0.498777] devtmpfs: initialized
[    0.500108] evm: security.selinux
[    0.501106] evm: security.SMACK64
[    0.502177] evm: security.SMACK64EXEC
[    0.503701] evm: security.SMACK64TRANSMUTE
[    0.505150] evm: security.SMACK64MMAP
[    0.506368] evm: security.ima
[    0.507347] evm: security.capability
[    0.509039] clocksource: jiffies: mask: 0xffffffff max_cycles: 0xffffffff, max_idle_ns: 7645041785100000 ns
[    0.511746] futex hash table entries: 512 (order: 3, 32768 bytes)
[    0.513523] pinctrl core: initialized pinctrl subsystem
[    0.515422] RTC time: 12:17:08, date: 06/03/23
[    0.516855] NET: Registered protocol family 16
[    0.518264] EISA bus registered
[    0.528826] cpuidle: using governor ladder
[    0.541604] cpuidle: using governor menu
[    0.542751] PCCT header not found.
[    0.543913] ACPI: bus type PCI registered
[    0.545035] acpiphp: ACPI Hot Plug PCI Controller Driver version: 0.5
[    0.546938] PCI : PCI BIOS area is rw and x. Use pci=nobios if you want it NX.
[    0.549094] PCI: PCI BIOS revision 2.10 entry at 0xfda26, last bus=0
[    0.550810] PCI: Using configuration type 1 for base access
[    0.569213] ACPI: Added _OSI(Module Device)
[    0.570691] ACPI: Added _OSI(Processor Device)
[    0.572673] ACPI: Added _OSI(3.0 _SCP Extensions)
[    0.574520] ACPI: Added _OSI(Processor Aggregator Device)
[    0.577209] ACPI: Executed 1 blocks of module-level executable AML code
[    0.581393] ACPI: Interpreter enabled
[    0.582480] ACPI: (supports S0 S5)
[    0.583483] ACPI: Using IOAPIC for interrupt routing
[    0.585265] PCI: Using host bridge windows from ACPI; if necessary, use "pci=nocrs" and report a bug
[    0.604731] ACPI: PCI Root Bridge [PCI0] (domain 0000 [bus 00-ff])
[    0.607104] acpi PNP0A03:00: _OSC: OS supports [ASPM ClockPM Segments MSI]
[    0.609174] acpi PNP0A03:00: _OSC: not requesting OS control; OS requires [ExtendedConfig ASPM ClockPM MSI]
[    0.611554] acpi PNP0A03:00: fail to add MMCONFIG information, can't access extended PCI configuration space under this bridge.
[    0.616327] PCI host bridge to bus 0000:00
[    0.618065] pci_bus 0000:00: root bus resource [io  0x0000-0x0cf7 window]
[    0.620116] pci_bus 0000:00: root bus resource [io  0x0d00-0xffff window]
[    0.622324] pci_bus 0000:00: root bus resource [mem 0x000a0000-0x000bffff window]
[    0.625048] pci_bus 0000:00: root bus resource [mem 0x40000000-0xfdffffff window]
[    0.627054] pci_bus 0000:00: root bus resource [bus 00-ff]
[    0.630783] pci 0000:00:01.1: legacy IDE quirk: reg 0x10: [io  0x01f0-0x01f7]
[    0.632941] pci 0000:00:01.1: legacy IDE quirk: reg 0x14: [io  0x03f6]
[    0.634603] pci 0000:00:01.1: legacy IDE quirk: reg 0x18: [io  0x0170-0x0177]
[    0.636402] pci 0000:00:01.1: legacy IDE quirk: reg 0x1c: [io  0x0376]
[    0.670464] pci 0000:00:07.0: quirk: [io  0x4000-0x403f] claimed by PIIX4 ACPI
[    0.673653] pci 0000:00:07.0: quirk: [io  0x4100-0x410f] claimed by PIIX4 SMB
[    0.686919] ACPI: PCI Interrupt Link [LNKA] (IRQs 5 9 10 *11)
[    0.689553] ACPI: PCI Interrupt Link [LNKB] (IRQs 5 9 *10 11)
[    0.691773] ACPI: PCI Interrupt Link [LNKC] (IRQs 5 *9 10 11)
[    0.694180] ACPI: PCI Interrupt Link [LNKD] (IRQs 5 9 10 *11)
[    0.696545] ACPI: Enabled 2 GPEs in block 00 to 07
[    0.698364] vgaarb: setting as boot device: PCI:0000:00:02.0
[    0.699965] vgaarb: device added: PCI:0000:00:02.0,decodes=io+mem,owns=io+mem,locks=none
[    0.702305] vgaarb: loaded
[    0.703094] vgaarb: bridge control possible 0000:00:02.0
[    0.704774] SCSI subsystem initialized
[    0.705954] ACPI: bus type USB registered
[    0.707015] usbcore: registered new interface driver usbfs
[    0.708334] usbcore: registered new interface driver hub
[    0.710171] usbcore: registered new device driver usb
[    0.712634] PCI: Using ACPI for IRQ routing
[    0.714206] NetLabel: Initializing
[    0.715849] NetLabel:  domain hash size = 128
[    0.717709] NetLabel:  protocols = UNLABELED CIPSOv4
[    0.719773] NetLabel:  unlabeled traffic allowed by default
[    0.722330] amd_nb: Cannot enumerate AMD northbridges
[    0.723776] clocksource: Switched to clocksource kvm-clock
[    0.734691] AppArmor: AppArmor Filesystem Enabled
[    0.736002] pnp: PnP ACPI init
[    0.738037] pnp: PnP ACPI: found 3 devices
[    0.739123] PnPBIOS: Disabled by ACPI PNP
[    0.783267] clocksource: acpi_pm: mask: 0xffffff max_cycles: 0xffffff, max_idle_ns: 2085701024 ns
[    0.785752] NET: Registered protocol family 2
[    0.787448] TCP established hash table entries: 8192 (order: 3, 32768 bytes)
[    0.789562] TCP bind hash table entries: 8192 (order: 4, 65536 bytes)
[    0.791415] TCP: Hash tables configured (established 8192 bind 8192)
[    0.793671] UDP hash table entries: 512 (order: 2, 16384 bytes)
[    0.795550] UDP-Lite hash table entries: 512 (order: 2, 16384 bytes)
[    0.797400] NET: Registered protocol family 1
[    0.798609] pci 0000:00:00.0: Limiting direct PCI/PCI transfers
[    0.800079] pci 0000:00:01.0: Activating ISA DMA hang workarounds
[    0.801887] Unpacking initramfs...
[    1.150449] Freeing initrd memory: 14488K
[    1.152403] RAPL PMU detected, API unit is 2^-32 Joules, 3 fixed counters 10737418240 ms ovfl timer
[    1.155369] hw unit of domain pp0-core 2^-0 Joules
[    1.157120] hw unit of domain package 2^-0 Joules
[    1.158677] hw unit of domain pp1-gpu 2^-0 Joules
[    1.160311] clocksource: tsc: mask: 0xffffffffffffffff max_cycles: 0x22842dd43f3, max_idle_ns: 440795264536 ns
[    1.164242] platform rtc_cmos: registered platform RTC device (no PNP device found)
[    1.166874] Scanning for low memory corruption every 60 seconds
[    1.169256] audit: initializing netlink subsys (disabled)
[    1.171206] audit: type=2000 audit(1685794635.343:1): initialized
[    1.173646] Initialise system trusted keyring
[    1.175425] HugeTLB registered 2 MB page size, pre-allocated 0 pages
[    1.179466] zbud: loaded
[    1.180857] VFS: Disk quotas dquot_6.6.0
[    1.182227] VFS: Dquot-cache hash table entries: 1024 (order 0, 4096 bytes)
[    1.184737] squashfs: version 4.0 (2009/01/31) Phillip Lougher
[    1.186963] fuse init (API version 7.23)
[    1.188614] Key type big_key registered
[    1.190308] Allocating IMA MOK and blacklist keyrings.
[    1.193849] Key type asymmetric registered
[    1.194999] Asymmetric key parser 'x509' registered
[    1.196381] bounce: pool size: 64 pages
[    1.197746] Block layer SCSI generic (bsg) driver version 0.4 loaded (major 249)
[    1.200131] io scheduler noop registered
[    1.201303] io scheduler deadline registered (default)
[    1.202701] io scheduler cfq registered
[    1.203986] pci_hotplug: PCI Hot Plug PCI Core version: 0.5
[    1.205453] pciehp: PCI Express Hot Plug Controller Driver version: 0.4
[    1.207334] ACPI: AC Adapter [AC] (on-line)
[    1.208632] input: Power Button as /devices/LNXSYSTM:00/LNXPWRBN:00/input/input0
[    1.210706] ACPI: Power Button [PWRF]
[    1.211903] input: Sleep Button as /devices/LNXSYSTM:00/LNXSLPBN:00/input/input1
[    1.214590] ACPI: Sleep Button [SLPF]
[    1.216008] GHES: HEST is not enabled!
[    1.217057] isapnp: Scanning for PnP cards...
[    1.223773] Serial: 8250/16550 driver, 32 ports, IRQ sharing enabled
[    1.246738] 00:02: ttyS0 at I/O 0x3f8 (irq = 4, base_baud = 115200) is a 16550A
[    1.253309] Linux agpgart interface v0.103
[    1.257729] loop: module loaded
[    1.259636] scsi host0: ata_piix
[    1.260978] scsi host1: ata_piix
[    1.262244] ata1: PATA max UDMA/33 cmd 0x1f0 ctl 0x3f6 bmdma 0xd000 irq 14
[    1.264536] ata2: PATA max UDMA/33 cmd 0x170 ctl 0x376 bmdma 0xd008 irq 15
[    1.266967] libphy: Fixed MDIO Bus: probed
[    1.268468] tun: Universal TUN/TAP device driver, 1.6
[    1.270233] tun: (C) 1999-2004 Max Krasnyansky <maxk@qualcomm.com>
[    1.272671] PPP generic driver version 2.4.2
[    1.274202] ehci_hcd: USB 2.0 'Enhanced' Host Controller (EHCI) Driver
[    1.276383] ehci-pci: EHCI PCI platform driver
[    1.277996] ehci-platform: EHCI generic platform driver
[    1.279856] ohci_hcd: USB 1.1 'Open' Host Controller (OHCI) Driver
[    1.281956] ohci-pci: OHCI PCI platform driver
[    1.283490] ohci-platform: OHCI generic platform driver
[    1.285303] uhci_hcd: USB Universal Host Controller Interface driver
[    1.287470] i8042: PNP: PS/2 Controller [PNP0303:PS2K,PNP0f03:PS2M] at 0x60,0x64 irq 1,12
[    1.291188] serio: i8042 KBD port at 0x60,0x64 irq 1
[    1.292935] serio: i8042 AUX port at 0x60,0x64 irq 12
[    1.294802] mousedev: PS/2 mouse device common for all mice
[    1.297414] input: AT Translated Set 2 keyboard as /devices/platform/i8042/serio0/input/input2
[    1.300635] rtc_cmos rtc_cmos: rtc core: registered rtc_cmos as rtc0
[    1.302780] rtc_cmos rtc_cmos: alarms up to one day, 114 bytes nvram
[    1.304986] i2c /dev entries driver
[    1.306443] device-mapper: uevent: version 1.0.3
[    1.307949] device-mapper: ioctl: 4.34.0-ioctl (2015-10-28) initialised: dm-devel@redhat.com
[    1.310701] platform eisa.0: Probing EISA bus 0
[    1.312282] platform eisa.0: EISA: Cannot allocate resource for mainboard
[    1.314373] platform eisa.0: Cannot allocate resource for EISA slot 1
[    1.316566] platform eisa.0: Cannot allocate resource for EISA slot 2
[    1.318673] platform eisa.0: Cannot allocate resource for EISA slot 3
[    1.320845] platform eisa.0: Cannot allocate resource for EISA slot 4
[    1.322917] platform eisa.0: Cannot allocate resource for EISA slot 5
[    1.324917] platform eisa.0: Cannot allocate resource for EISA slot 6
[    1.326893] platform eisa.0: Cannot allocate resource for EISA slot 7
[    1.328898] platform eisa.0: Cannot allocate resource for EISA slot 8
[    1.330862] platform eisa.0: EISA: Detected 0 cards
[    1.332452] cpufreq-nforce2: No nForce2 chipset.
[    1.333947] ledtrig-cpu: registered to indicate activity on CPUs
[    1.336114] NET: Registered protocol family 10
[    1.337774] NET: Registered protocol family 17
[    1.339243] Key type dns_resolver registered
[    1.340855] Using IPI No-Shortcut mode
[    1.342298] registered taskstats version 1
[    1.343674] Loading compiled-in X.509 certificates
[    1.348067] Loaded X.509 cert 'Build time autogenerated kernel key: 20ac0ed02049a72ce76c079ea50dd43d3ac5969c'
[    1.351185] zswap: loaded using pool lzo/zbud
[    1.354545] Key type trusted registered
[    1.358902] Key type encrypted registered
[    1.360285] AppArmor: AppArmor sha1 policy hashing enabled
[    1.362050] ima: No TPM chip found, activating TPM-bypass!
[    1.363880] ima: Allocated hash algorithm: sha1
[    1.365442] evm: HMAC attrs: 0x1
[    1.366881]   Magic number: 11:216:278
[    1.368210] tty tty15: hash matches
[    1.369480] rtc_cmos rtc_cmos: setting system clock to 2023-06-03 12:17:09 UTC (1685794629)
[    1.372348] BIOS EDD facility v0.16 2004-Jun-25, 0 devices found
[    1.374204] EDD information not available.
[    1.577886] isapnp: No Plug & Play device found
[    1.579445] Freeing unused kernel memory: 944K
[    1.948760] Write protecting the kernel text: 8156k
[    1.950458] Write protecting the kernel read-only data: 3220k
[    1.952191] NX-protecting the kernel data: 6180k
Loading, please wait...
starting version 229
[    1.970766] random: systemd-udevd: uninitialized urandom read (16 bytes read, 0 bits of entropy available)
[    1.971514] random: udevadm: uninitialized urandom read (16 bytes read, 0 bits of entropy available)
[    1.977268] random: systemd-udevd: uninitialized urandom read (16 bytes read, 0 bits of entropy available)
[    1.980548] random: systemd-udevd: uninitialized urandom read (16 bytes read, 0 bits of entropy available)
[    1.986697] random: udevadm: uninitialized urandom read (16 bytes read, 0 bits of entropy available)
[    1.986761] random: udevadm: uninitialized urandom read (16 bytes read, 0 bits of entropy available)
[    1.986961] random: udevadm: uninitialized urandom read (16 bytes read, 0 bits of entropy available)
[    1.987042] random: udevadm: uninitialized urandom read (16 bytes read, 0 bits of entropy available)
[    1.987116] random: udevadm: uninitialized urandom read (16 bytes read, 0 bits of entropy available)
[    1.987219] random: udevadm: uninitialized urandom read (16 bytes read, 0 bits of entropy available)
[    2.074250] Fusion MPT base driver 3.04.20
[    2.075675] Copyright (c) 1999-2008 LSI Corporation
[    2.088839] e1000: Intel(R) PRO/1000 Network Driver - version 7.3.21-k8-NAPI
[    2.093237] e1000: Copyright (c) 1999-2006 Intel Corporation.
[    2.145956] Fusion MPT SPI Host driver 3.04.20
[    2.285730] input: ImExPS/2 Generic Explorer Mouse as /devices/platform/i8042/serio1/input/input4
[    2.799262] e1000 0000:00:03.0 eth0: (PCI:33MHz:32-bit) 02:4c:f1:9f:ae:47
[    2.801024] e1000 0000:00:03.0 eth0: Intel(R) PRO/1000 Network Connection
[    2.803976] mptbase: ioc0: Initiating bringup
[    2.804889] e1000 0000:00:03.0 enp0s3: renamed from eth0
[    3.108882] ioc0: LSI53C1030 A0: Capabilities={Initiator}
[    4.975028] scsi host2: ioc0: LSI53C1030 A0, FwRev=00000000h, Ports=1, MaxQ=256, IRQ=20
[    6.168915] scsi 2:0:0:0: Direct-Access     VBOX     HARDDISK         1.0  PQ: 0 ANSI: 5
[    6.171395] scsi target2:0:0: Beginning Domain Validation
[    6.174807] scsi target2:0:0: Domain Validation skipping write tests
[    6.176405] scsi target2:0:0: Ending Domain Validation
[    6.177769] scsi target2:0:0: asynchronous
[    6.179599] scsi 2:0:1:0: Direct-Access     VBOX     HARDDISK         1.0  PQ: 0 ANSI: 5
[    6.181711] scsi target2:0:1: Beginning Domain Validation
[    6.184077] scsi target2:0:1: Domain Validation skipping write tests
[    6.185601] scsi target2:0:1: Ending Domain Validation
[    6.187450] scsi target2:0:1: asynchronous
[    6.197172] sd 2:0:0:0: [sda] 83886080 512-byte logical blocks: (42.9 GB/40.0 GiB)
[    6.197376] sd 2:0:0:0: Attached scsi generic sg0 type 0
[    6.201299] sd 2:0:1:0: Attached scsi generic sg1 type 0
[    6.201340] sd 2:0:0:0: [sda] Write Protect is off
[    6.204105] sd 2:0:0:0: [sda] Incomplete mode parameter data
[    6.204791] sd 2:0:1:0: [sdb] 20480 512-byte logical blocks: (10.5 MB/10.0 MiB)
[    6.205053] sd 2:0:1:0: [sdb] Write Protect is off
[    6.205183] sd 2:0:1:0: [sdb] Incomplete mode parameter data
[    6.205185] sd 2:0:1:0: [sdb] Assuming drive cache: write through
[    6.213216] sd 2:0:0:0: [sda] Assuming drive cache: write through
[    6.268423]  sda: sda1
[    6.269638] sd 2:0:1:0: [sdb] Attached SCSI disk
[    6.272929] sd 2:0:0:0: [sda] Attached SCSI disk
Begin: Loading essential drivers ... [    7.781832] md: linear personality registered for level -1
[    7.789031] md: multipath personality registered for level -4
[    7.796264] md: raid0 personality registered for level 0
[    7.805957] md: raid1 personality registered for level 1
[    7.883916] raid6: mmxx1    gen()  4633 MB/s
[    7.952172] raid6: mmxx2    gen()  4995 MB/s
[    8.020595] raid6: sse1x1   gen()  3315 MB/s
[    8.087892] raid6: sse1x2   gen()  4105 MB/s
[    8.156246] raid6: sse2x1   gen()  7980 MB/s
[    8.224580] raid6: sse2x1   xor()  6267 MB/s
[    8.291954] raid6: sse2x2   gen()  9303 MB/s
[    8.360367] raid6: sse2x2   xor()  6697 MB/s
[    8.361949] raid6: using algorithm sse2x2 gen() 9303 MB/s
[    8.363570] raid6: .... xor() 6697 MB/s, rmw enabled
[    8.365687] raid6: using ssse3x1 recovery algorithm
[    8.372591] xor: automatically using best checksumming function:
[    8.411848]    avx       : 18505.000 MB/sec
[    8.417081] async_tx: api initialized (async)
[    8.445795] md: raid6 personality registered for level 6
[    8.447293] md: raid5 personality registered for level 5
[    8.448666] md: raid4 personality registered for level 4
[    8.463077] md: raid10 personality registered for level 10
done.
Begin: Running /scripts/init-premount ... done.
Begin: Mounting root file system ... Begin: Running /scripts/local-top ... done.
Begin: Running /scripts/local-premount ... [    8.526549] Btrfs loaded
Scanning for Btrfs filesystems
done.
Warning: fsck not present, so skipping root file system
[   10.392414] EXT4-fs (sda1): mounted filesystem with ordered data mode. Opts: (null)
done.
Begin: Running /scripts/local-bottom ... done.
Begin: Running /scripts/init-bottom ... done.
[   10.545219] random: nonblocking pool is initialized
[   11.453705] systemd[1]: systemd 229 running in system mode. (+PAM +AUDIT +SELINUX +IMA +APPARMOR +SMACK +SYSVINIT +UTMP +LIBCRYPTSETUP +GCRYPT +GNUTLS +ACL +XZ -LZ4 +SECCOMP +BLKID +ELFUTILS +KMOD -IDN)
[   11.460131] systemd[1]: Detected virtualization oracle.
[   11.461925] systemd[1]: Detected architecture x86.

Welcome to [1mUbuntu 16.04.7 LTS[0m!

[   11.519392] systemd[1]: Set hostname to <ubuntu>.
[   11.558187] systemd[1]: Initializing machine ID from random generator.
[   11.560192] systemd[1]: Installed transient /etc/machine-id file.
[   12.684700] systemd[1]: Listening on /dev/initctl Compatibility Named Pipe.
[[0;32m  OK  [0m] Listening on /dev/initctl Compatibility Named Pipe.
[   12.688129] systemd[1]: Listening on Device-mapper event daemon FIFOs.
[[0;32m  OK  [0m] Listening on Device-mapper event daemon FIFOs.
[   12.691242] systemd[1]: Listening on LVM2 metadata daemon socket.
[[0;32m  OK  [0m] Listening on LVM2 metadata daemon socket.
[   12.700535] systemd[1]: Created slice User and Session Slice.
[[0;32m  OK  [0m] Created slice User and Session Slice.
[   12.703203] systemd[1]: Reached target Encrypted Volumes.
[[0;32m  OK  [0m] Reached target Encrypted Volumes.
[   12.705826] systemd[1]: Listening on Journal Socket.
[[0;32m  OK  [0m] Listening on Journal Socket.
[   12.708198] systemd[1]: Listening on udev Control Socket.
[[0;32m  OK  [0m] Listening on udev Control Socket.
[   12.711364] systemd[1]: Listening on fsck to fsckd communication Socket.
[[0;32m  OK  [0m] Listening on fsck to fsckd communication Socket.
[   12.714384] systemd[1]: Listening on Syslog Socket.
[[0;32m  OK  [0m] Listening on Syslog Socket.
[   12.717127] systemd[1]: Created slice System Slice.
[[0;32m  OK  [0m] Created slice System Slice.
[   12.740853] systemd[1]: Starting Uncomplicated firewall...
         Starting Uncomplicated firewall...
[   12.744546] systemd[1]: Mounting Huge Pages File System...
         Mounting Huge Pages File System...
[   12.753691] systemd[1]: Starting Create list of required static device nodes for the current kernel...
         Starting Create list of required st... nodes for the current kernel...
[   12.800957] systemd[1]: Starting Load Kernel Modules...
         Starting Load Kernel Modules...
[   12.804760] systemd[1]: Mounting POSIX Message Queue File System...
         Mounting POSIX Message Queue File System...
[   12.810274] systemd[1]: Starting File System Check on Root Device...
         Starting File System Check on Root Device...
[   12.815330] systemd[1]: Starting Set console keymap...
         Starting Set console keymap...
[   12.817932] systemd[1]: Reached target Swap.
[[0;32m  OK  [0m] Reached target Swap.
[   12.820624] systemd[1]: Set up automount Arbitrary Executable File Formats File System Automount Point.
[[0;32m  OK  [0m] Set up automount Arbitrary Executab...ats File System Automount Point.
[   12.825517] systemd[1]: Listening on Journal Socket (/dev/log).
[[0;32m  OK  [0m] Listening on Journal Socket (/dev/log).
[   12.829081] systemd[1]: Created slice system-serial\x2dgetty.slice.
[[0;32m  OK  [0m] Created slice system-serial\x2dgetty.slice.
[   12.832846] systemd[1]: Listening on Journal Audit Socket.
[[0;32m  OK  [0m] Listening on Journal Audit Socket.
[   12.857156] systemd[1]: Starting Journal Service...
         Starting Journal Service...
[   12.864238] systemd[1]: Listening on LVM2 poll daemon socket.
[[0;32m  OK  [0m] Listening on LVM2 poll daemon socket.
[   12.866914] systemd[1]: Started Trigger resolvconf update for networkd DNS.
[[0;32m  OK  [0m] Started Trigger resolvconf update for networkd DNS.
[   12.924314] systemd[1]: Starting Monitoring of LVM2 mirrors, snapshots etc. using dmeventd or progress polling...
         Starting Monitoring of LVM2 mirrors... dmeventd or progress polling...
[   12.929704] systemd[1]: Reached target Slices.
[[0;32m  OK  [0m] Reached target Slices.
[   12.932050] systemd[1]: Reached target User and Group Name Lookups.
[[0;32m  OK  [0m] Reached target User and Group Name Lookups.
[   12.936437] systemd[1]: Starting Nameserver information manager...
         Starting Nameserver information manager...
[   12.939575] systemd[1]: Started Forward Password Requests to Wall Directory Watch.
[[0;32m  OK  [0m] Started Forward Password Requests to Wall Directory Watch.
[   12.944084] systemd[1]: Mounting Debug File System...
         Mounting Debug File System...
[   12.946998] systemd[1]: Reached target System Time Synchronized.
[[0;32m  OK  [0m] Reached target System Time Synchronized.
[   12.950878] systemd[1]: Listening on udev Kernel Socket.
[[0;32m  OK  [0m] Listening on udev Kernel Socket.
[   12.956542] systemd[1]: Mounted Huge Pages File System.
[[0;32m  OK  [0m] Mounted Huge Pages File System.
[   12.964345] systemd[1]: Mounted POSIX Message Queue File System.
[[0;32m  OK  [0m] Mounted POSIX Message Queue File System.
[   12.967157] systemd[1]: Mounted Debug File System.
[[0;32m  OK  [0m] Mounted Debug File System.
[   12.970981] systemd[1]: Started Uncomplicated firewall.
[[0;32m  OK  [0m] Started Uncomplicated firewall.
[   12.982719] systemd[1]: Started Create list of required static device nodes for the current kernel.
[[0;32m  OK  [0m] Started Create list of required sta...ce nodes for the current kernel.
[   13.001907] Loading iSCSI transport class v2.0-870.
[   13.002940] systemd[1]: Started File System Check Daemon to report status.
[[0;32m  OK  [0m] Started File System Check Daemon to report status.
[   13.008903] systemd[1]: Starting Create Static Device Nodes in /dev...
         Starting Create Static Device Nodes in /dev...
[   13.096741] systemd[1]: Started Nameserver information manager.
[[0;32m  OK  [0m] Started Nameserver information manager.
[   13.101269] systemd[1]: Started Set console keymap.
[[0;32m  OK  [0m] Started Set console keymap.
[   13.249008] systemd[1]: Started File System Check on Root Device.
[[0;32m  OK  [0m] Started File System Check on Root Device.
[   13.268526] systemd[1]: Starting Remount Root and Kernel File Systems...
         Starting Remount Root and Kernel File Systems...
[   13.294386] EXT4-fs (sda1): re-mounted. Opts: (null)
[   13.297659] systemd[1]: Started Remount Root and Kernel File Systems.
[[0;32m  OK  [0m] Started Remount Root and Kernel File Systems.
[   13.336151] iscsi: registered transport (tcp)
[   13.440735] systemd[1]: Starting udev Coldplug all Devices...
         Starting udev Coldplug all Devices...
[   13.453355] systemd[1]: Starting Load/Save Random Seed...
         Starting Load/Save Random Seed...
[   13.456795] systemd[1]: Started Journal Service.
[[0;32m  OK  [0m] Started Journal Service.
[[0;32m  OK  [0m] Started LVM2 metadata daemon.
         Starting Flush Journal to Persistent Storage...
[[0;32m  OK  [0m] Started udev Coldplug all Devices.
[[0;32m  OK  [0m] Started Load/Save Random Seed.
[   13.653875] systemd-journald[389]: Received request to flush runtime journal from PID 1
[[0;32m  OK  [0m] Started Flush Journal to Persistent Storage.
[[0;32m  OK  [0m] Started Create Static Device Nodes in /dev.
         Starting udev Kernel Device Manager...
[   13.851504] iscsi: registered transport (iser)
[[0;32m  OK  [0m] Started Load Kernel Modules.
         Mounting FUSE Control File System...
         Starting Apply Kernel Variables...
[[0;32m  OK  [0m] Mounted FUSE Control File System.
[[0;32m  OK  [0m] Started Apply Kernel Variables.
[[0;32m  OK  [0m] Started Monitoring of LVM2 mirrors,...ng dmeventd or progress polling.
[[0;32m  OK  [0m] Reached target Local File Systems (Pre).
[[0;32m  OK  [0m] Reached target Local File Systems.
         Starting Set console font and keymap...
         Starting Create Volatile Files and Directories...
         Starting Initial cloud-init job (pre-networking)...
         Starting Tell Plymouth To Write Out Runtime Data...
         Starting Commit a transient machine-id on disk...
         Starting LSB: AppArmor initialization...
[[0;32m  OK  [0m] Started Create Volatile Files and Directories.
         Starting Update UTMP about System Boot/Shutdown...
[[0;32m  OK  [0m] Started Commit a transient machine-id on disk.
[[0;32m  OK  [0m] Started Update UTMP about System Boot/Shutdown.
[[0;32m  OK  [0m] Started Tell Plymouth To Write Out Runtime Data.
[[0;32m  OK  [0m] Started udev Kernel Device Manager.
[[0;32m  OK  [0m] Started Dispatch Password Requests to Console Directory Watch.
[[0;32m  OK  [0m] Found device /dev/ttyS0.
[[0;32m  OK  [0m] Listening on Load/Save RF Kill Switch Status /dev/rfkill Watch.
[[0;32m  OK  [0m] Started Set console font and keymap.
[[0;32m  OK  [0m] Created slice system-getty.slice.
[[0;32m  OK  [0m] Started LSB: AppArmor initialization.
         Starting Load AppArmor profiles managed internally by snapd...
[[0;32m  OK  [0m] Started Load AppArmor profiles managed internally by snapd.
[   22.436852] cloud-init[481]: Cloud-init v. 21.1-19-gbad84ad4-0ubuntu1~16.04.2 running 'init-local' at Sat, 03 Jun 2023 12:17:29 +0000. Up 21.23 seconds.
[[0;32m  OK  [0m] Started Initial cloud-init job (pre-networking).
[[0;32m  OK  [0m] Reached target Network (Pre).
         Starting Raise network interfaces...
[[0;32m  OK  [0m] Started Raise network interfaces.
[[0;32m  OK  [0m] Reached target Network.
         Starting Initial cloud-init job (metadata service crawler)...
[   26.393416] cloud-init[950]: Cloud-init v. 21.1-19-gbad84ad4-0ubuntu1~16.04.2 running 'init' at Sat, 03 Jun 2023 12:17:31 +0000. Up 23.50 seconds.
[   26.396602] cloud-init[950]: ci-info: ++++++++++++++++++++++++++++++++++++++Net device info++++++++++++++++++++++++++++++++++++++
[   26.404944] cloud-init[950]: ci-info: +--------+------+----------------------------+---------------+--------+-------------------+
[   26.408107] cloud-init[950]: ci-info: | Device |  Up  |          Address           |      Mask     | Scope  |     Hw-Address    |
[   26.411020] cloud-init[950]: ci-info: +--------+------+----------------------------+---------------+--------+-------------------+
[   26.414187] cloud-init[950]: ci-info: | enp0s3 | True |         10.0.2.15          | 255.255.255.0 | global | 02:4c:f1:9f:ae:47 |
[   26.417220] cloud-init[950]: ci-info: | enp0s3 | True | fe80::4c:f1ff:fe9f:ae47/64 |       .       |  link  | 02:4c:f1:9f:ae:47 |
[   26.420278] cloud-init[950]: ci-info: |   lo   | True |         127.0.0.1          |   255.0.0.0   |  host  |         .         |
[   26.429381] cloud-init[950]: ci-info: |   lo   | True |          ::1/128           |       .       |  host  |         .         |
[   26.432188] cloud-init[950]: ci-info: +--------+------+----------------------------+---------------+--------+-------------------+
[   26.441049] cloud-init[950]: ci-info: +++++++++++++++++++++++++++Route IPv4 info++++++++++++++++++++++++++++
[   26.448853] cloud-init[950]: ci-info: +-------+-------------+----------+---------------+-----------+-------+
[   26.450950] cloud-init[950]: ci-info: | Route | Destination | Gateway  |    Genmask    | Interface | Flags |
[   26.460585] cloud-init[950]: ci-info: +-------+-------------+----------+---------------+-----------+-------+
[   26.463225] cloud-init[950]: ci-info: |   0   |   0.0.0.0   | 10.0.2.2 |    0.0.0.0    |   enp0s3  |   UG  |
[   26.473268] cloud-init[950]: ci-info: |   1   |   10.0.2.0  | 0.0.0.0  | 255.255.255.0 |   enp0s3  |   U   |
[   26.475732] cloud-init[950]: ci-info: +-------+-------------+----------+---------------+-----------+-------+
[[0;32m  OK  [0m] Started Initial cloud-init job (metadata service crawler).
[   26.482003] cloud-init[950]: ci-info: +++++++++++++++++++Route IPv6 info+++++++++++++++++++
[   26.484342] cloud-init[950]: ci-info: +-------+-------------+---------+-----------+-------+
[   26.485446] cloud-init[950]: ci-info: | Route | Destination | Gateway | Interface | Flags |
[   26.486371] cloud-init[950]: ci-info: +-------+-------------+---------+-----------+-------+
[   26.487206] cloud-init[950]: ci-info: |   0   |  fe80::/64  |    ::   |   enp0s3  |   U   |
[   26.487455] [[0;32m  OK  [0m] Reached target Network is Online.
cloud-init[950]: ci-info: |   3   |   ff00::/8  |    ::   |   enp0s3  |   U   |
[   26.493721] cloud-init[950]: ci-info: +-------+-------------+---------+-----------+-------+
         Starting iSCSI initiator daemon (iscsid)...
[[0;32m  OK  [0m] Reached target Cloud-config availability.
[[0;32m  OK  [0m] Reached target System Initialization.
[[0;32m  OK  [0m] Started Message of the Day.
[   26.495847] cloud-init[950]: Generating public/private rsa key pair.
[   26.509276] cloud-init[950]: Your identification has been saved in /etc/ssh/ssh_host_rsa_key.
[   26.511514] cloud-init[950]: Your public key has been saved in /etc/ssh/ssh_host_rsa_key.pub.
[   26.526550]          Starting LXD - unix socket.
[[0;32m  OK  [0m] Started Ubuntu Advantage update messaging.
[[0;32m  OK  [0m] Started Daily apt download activities.
[[0;32m  OK  [0m] Started Daily Cleanup of Temporary Directories.
[[0;32m  OK  [0m] Listening on ACPID Listen Socket.
cloud-init[950]: The key fingerprint is:
[   26.531885] cloud-init[950]: SHA256:T0ajbMK5heerpwCwFJ62wD/3tK5iFkCOyyzR6YWqReI root@ubuntu-xenial
[   26.533460] cloud-init[950]: The key's randomart image is:
[   26.534344] cloud-init[950]: +---[RSA 2048]----+
[   26.535225] cloud-init[950]: | .               |
[   26.536567] cloud-init[950]: |o.o              |
[   26.537846] cloud-init[950]: |*B o      o      |
[   26.539214] cloud-init[950]: |B=B .. + o .     |
[   26.540643] cloud-init[950]: |=Oo+ .=.S o      |
[   26.542214] cloud-init[950]: |+Eooo oB.+       |
[   26.549162] cloud-init[950]: |o.  o .o. .      |
[   26.550276] cloud-init[950]: |.  + .. ..       |
[   26.557236] cloud-init[950]: |  o ..+=.        |
[   26.564356] cloud-init[950]: +----[SHA256]-----+
[[0;32m  OK  [0m] Started ACPI Events Check.
[[0;32m  OK  [0m] Reached target Paths.
[[0;32m  OK  [0m] Started Daily apt upgrade and clean activities.
[   26.568629] cloud-init[950]: Generating public/private dsa key pair.
         Starting Socket activation for snappy daemon.
[[0;32m  OK  [0m] Reached target Timers.
[[0;32m  OK  [0m] Listening on D-Bus System Message Bus Socket.[   26.578876] cloud-init[950]: Your identification has been saved in /etc/ssh/ssh_host_dsa_key.
[   26.579835] cloud-init[950]: Your public key has been saved in /etc/ssh/ssh_host_dsa_key.pub.
[   26.580542] cloud-init[950]: The key fingerprint is:
[   26.580781] cloud-init[950]: SHA256:dYM8PCvC4pO4qqA9t7Mbi3s3yQwSDjibBk5b4H+/lXw root@ubuntu-xenial
[   26.581036] cloud-init[950]: The key's randomart image is:
[   26.581459] cloud-init[950]: +---[DSA 1024]----+

[   26.581717] cloud-init[950]: |                 |
[   26.587406] cloud-init[950]: | .       o .     |
[   26.588640] cloud-init[950]: |o .       B o    |
[   26.589360] cloud-init[950]: |=o.. .   . = .   |
[   26.590054] cloud-init[950]: |+*+.. o S .      |
[   26.590995] cloud-init[950]: |o+o+.+ ....      |
[   26.591894] cloud-init[950]: |o ..*+.. + E     |
[   26.593229] cloud-init[950]: |o..o++*.. .      |
[   26.593903] cloud-init[950]: |=.===* o.        |
[   26.594359] cloud-init[950]: +----[SHA256]-----+
[   26.595050] cloud-init[950]: Generating public/private ecdsa key pair.
[   26.595515] cloud-init[950]: Your identification has been saved in /etc/ssh/ssh_host_ecdsa_key.
[   26.596624] cloud-init[950]: Your public key has been saved in /etc/ssh/ssh_host_ecdsa_key.pub.
[   26.597107] cloud-init[950]: The key fingerprint is:
[   26.597557] cloud-init[950]: SHA256:boM0QND/wQ+aW44u8jffi3t789yRDnteI1T7nmDW51M root@ubuntu-xenial
[   26.598238] cloud-init[950]: The key's randomart image is:
[   26.598722] cloud-init[950]: +---[ECDSA 256]---+
[   26.599172] cloud-init[950]: |  .o.            |
[   26.599649] cloud-init[950]: |   ..            |
[   26.600161] cloud-init[950]: |    .. .       . |
[   26.600600] cloud-init[950]: |     .. +     . .|
[   26.601043] cloud-init[950]: |      o+S+   . . |
[   26.601528] cloud-init[950]: |     .o+o . . . E|
[   26.603342] cloud-init[950]: |      .=+    * ==|
[   26.603809] cloud-init[950]: |  . . =..+. =.***|
[   26.604742] cloud-init[950]: |   o.+.o+o++ +=+=|
[   26.605191] cloud-init[950]: +----[SHA256]-----+
[   26.605666] cloud-init[950]: Generating public/private ed25519 key pair.
[   26.606121] cloud-init[950]: Your identification has been saved in /etc/ssh/ssh_host_ed25519_key.
[   26.606883] cloud-init[950]: Your public key has been saved in /etc/ssh/ssh_host_ed25519_key.pub.
[   26.607342] cloud-init[950]: The key fingerprint is:
[   26.607822] cloud-init[950]: SHA256:2k8vtCWTrOSHAlywfIUrzBFcQmiPf4Q9sD0f+vTU1iQ root@ubuntu-xenial
[   26.608738] cloud-init[950]: The key's randomart image is:
[   26.609533] cloud-init[950]: +--[ED25519 256]--+
[   26.609989] cloud-init[950]: |   ++o..         |
[   26.610970] cloud-init[950]: |  o =.. .        |
[   26.611747] cloud-init[950]: | . * X o         |
[   26.613135] cloud-init[950]: |  . X X .   E .  |
[   26.613814] cloud-init[950]: |   o = =So o +   |
[   26.614278] cloud-init[950]: |    + oo+ B + .  |
[   26.614928] cloud-init[950]: |     o.=.*.*     |
[   26.616769] cloud-init[950]: |      . =o=.     |
[   26.617662] cloud-init[950]: |       . ....    |
[   26.618456] cloud-init[950]: +----[SHA256]-----+
[[0;32m  OK  [0m] Listening on UUID daemon activation socket.
[[0;32m  OK  [0m] Listening on LXD - unix socket.
[[0;32m  OK  [0m] Listening on Socket activation for snappy daemon.
[[0;32m  OK  [0m] Reached target Sockets.
[[0;32m  OK  [0m] Reached target Basic System.
[[0;32m  OK  [0m] Started ACPI event daemon.
         Starting Login Service...
         Starting /etc/rc.local Compatibility...
         Starting LSB: Record successful boot for GRUB...
         Starting LSB: MD monitoring daemon...
[[0;32m  OK  [0m] Started D-Bus System Message Bus.
         Starting System Logging Service...
         Starting Snap Daemon...
         Starting Accounts Service...
         Starting Virtualbox guest utils...
[[0;32m  OK  [0m] Started FUSE filesystem for LXC.
         Starting Pollinate to seed the pseudo random number generator...
[[0;32m  OK  [0m] Started Regular background program processing daemon.
[[0;32m  OK  [0m] Started Deferred execution scheduler.
         Starting LXD - container startup/shutdown...
[[0;32m  OK  [0m] Started /etc/rc.local Compatibility.
[[0;32m  OK  [0m] Started Login Service.
[[0;32m  OK  [0m] Started Unattended Upgrades Shutdown.
[[0;32m  OK  [0m] Started iSCSI initiator daemon (iscsid).
         Starting Login to default iSCSI targets...
[[0;32m  OK  [0m] Started LSB: MD monitoring daemon.
[[0;32m  OK  [0m] Started System Logging Service.
[[0;32m  OK  [0m] Started LSB: Record successful boot for GRUB.
[[0;32m  OK  [0m] Started Login to default iSCSI targets.
[[0;32m  OK  [0m] Reached target Remote File Systems (Pre).
[[0;32m  OK  [0m] Reached target Remote File Systems.
         Starting Permit User Sessions...
         Starting LSB: daemon to balance interrupts for SMP systems...
         Starting LSB: Set the CPU Frequency Scaling governor to "ondemand"...
         Starting LSB: automatic crash report generation...
[[0;32m  OK  [0m] Started LSB: Set the CPU Frequency Scaling governor to "ondemand".
[[0;32m  OK  [0m] Started Permit User Sessions.
         Starting Terminate Plymouth Boot Screen...
         Starting Hold until boot process finishes up...
[[0;32m  OK  [0m] Started Hold until boot process finishes up.
[[0;32m  OK  [0m] Started Serial Getty on ttyS0.
         Starting Set console scheme...
[[0;32m  OK  [0m] Started Getty on tty1.
[[0;32m  OK  [0m] Reached target Login Prompts.
[[0;32m  OK  [0m] Started Terminate Plymouth Boot Screen.
[[0;32m  OK  [0m] Started Set console scheme.
[[0;32m  OK  [0m] Started LSB: daemon to balance interrupts for SMP systems.
[[0;32m  OK  [0m] Started LSB: automatic crash report generation.
[[0;32m  OK  [0m] Started Virtualbox guest utils.
         Starting Authenticate and Authorize Users to Run Privileged Tasks...
[[0;32m  OK  [0m] Started Authenticate and Authorize Users to Run Privileged Tasks.
[[0;32m  OK  [0m] Started Accounts Service.
[[0;32m  OK  [0m] Started LXD - container startup/shutdown.
[[0;32m  OK  [0m] Started Snap Daemon.
         Starting Wait until snapd is fully seeded...
[[0;32m  OK  [0m] Started Pollinate to seed the pseudo random number generator.
         Starting OpenBSD Secure Shell server...
[[0;32m  OK  [0m] Started OpenBSD Secure Shell server.

Ubuntu 16.04.7 LTS ubuntu-xenial ttyS0

ubuntu-xenial login: [   40.007609] cloud-init[1377]: Generating locales (this might take a while)...
[   41.321983] cloud-init[1377]:   en_US.UTF-8... done
[   41.322938] cloud-init[1377]: Generation complete.
[   43.023454] cloud-init[1377]: Cloud-init v. 21.1-19-gbad84ad4-0ubuntu1~16.04.2 running 'modules:config' at Sat, 03 Jun 2023 12:17:47 +0000. Up 39.46 seconds.
ci-info: no authorized SSH keys fingerprints found for user ubuntu.
<14>Jun  3 12:17:52 ec2: 
<14>Jun  3 12:17:52 ec2: #############################################################
<14>Jun  3 12:17:52 ec2: -----BEGIN SSH HOST KEY FINGERPRINTS-----
<14>Jun  3 12:17:52 ec2: 1024 SHA256:dYM8PCvC4pO4qqA9t7Mbi3s3yQwSDjibBk5b4H+/lXw root@ubuntu-xenial (DSA)
<14>Jun  3 12:17:52 ec2: 256 SHA256:boM0QND/wQ+aW44u8jffi3t789yRDnteI1T7nmDW51M root@ubuntu-xenial (ECDSA)
<14>Jun  3 12:17:52 ec2: 256 SHA256:2k8vtCWTrOSHAlywfIUrzBFcQmiPf4Q9sD0f+vTU1iQ root@ubuntu-xenial (ED25519)
<14>Jun  3 12:17:52 ec2: 2048 SHA256:T0ajbMK5heerpwCwFJ62wD/3tK5iFkCOyyzR6YWqReI root@ubuntu-xenial (RSA)
<14>Jun  3 12:17:52 ec2: -----END SSH HOST KEY FINGERPRINTS-----
<14>Jun  3 12:17:52 ec2: #############################################################
-----BEGIN SSH HOST KEY KEYS-----
ecdsa-sha2-nistp256 AAAAE2VjZHNhLXNoYTItbmlzdHAyNTYAAAAIbmlzdHAyNTYAAABBBAOiPd4hY2W4cp4EpOadybX5p3MV7P4XS01nF15qMQCaWTonF1E0TLlCejr+Kk0ALAw9ZPbXnPV3/rlCJj5A4fU= root@ubuntu-xenial
ssh-ed25519 AAAAC3NzaC1lZDI1NTE5AAAAIIMwogkQQ9fq7nODpz7lUpszGTMy09E06dbocd8Y5n+X root@ubuntu-xenial
ssh-rsa AAAAB3NzaC1yc2EAAAADAQABAAABAQC951drbm/XONXX0n+u3bOm88+RDuHIeHubTm5bdCKqJXD8UD49WRR7nSG4H+F+J20R2yMSWxjVzB8Va0TnIPYVkBEK52QQkjrxd/ijuuIi/VPP+zH22DQBpjWXFPPih68Ff36QRJVHtEw8x4HMnhSOFHYB1kcms6bJJGBUoswqs9w2gRwbF0UWavqQwR+DZUgosP6UZSTh6IrB8M+Od2tRga1VT9Q4JmpuhzL+lsB6QISZK2TX2Kfy6mcpuApaGpnNrNdekJdHDNv10iZXOB9vEpodYmNgZih09V2pRG4e6MXsE7pRPeaYsbQj0txP4+uYXMr2NlhnNQe9IcizPLkV root@ubuntu-xenial
-----END SSH HOST KEY KEYS-----
[   43.897432] cloud-init[1437]: Cloud-init v. 21.1-19-gbad84ad4-0ubuntu1~16.04.2 running 'modules:final' at Sat, 03 Jun 2023 12:17:51 +0000. Up 43.56 seconds.
[   43.899598] cloud-init[1437]: ci-info: no authorized SSH keys fingerprints found for user ubuntu.
[   43.906783] cloud-init[1437]: Cloud-init v. 21.1-19-gbad84ad4-0ubuntu1~16.04.2 finished at Sat, 03 Jun 2023 12:17:52 +0000. Datasource DataSourceNoCloud [seed=/dev/sdb][dsmode=net].  Up 43.88 seconds
